.next/types/validator.ts(24,44): error TS2344: Type 'Route' does not satisfy the constraint '"/"'.
  Type 'LayoutRoutes' is not assignable to type '"/"'.
    Type '"/admin"' is not assignable to type '"/"'.
.next/types/validator.ts(24,75): error TS2344: Type 'Route' does not satisfy the constraint '"/"'.
  Type 'LayoutRoutes' is not assignable to type '"/"'.
    Type '"/admin"' is not assignable to type '"/"'.
src/app/admin/(protected)/dashboard/page.tsx(15,10): error TS2305: Module '"@/lib/socket"' has no exported member 'useSocket'.
src/app/admin/(protected)/orders/page.tsx(19,10): error TS2305: Module '"@/lib/socket"' has no exported member 'useSocket'.
